
> the-grassroots-scout@0.0.0 build
> tsc && vite build

[36mvite v5.4.21 [32mbuilding for production...[36m[39m
transforming...
[32mÔ£ô[39m 11711 modules transformed.
rendering chunks...
node.exe : [1m[33m[plugin:vite:reporter][39m[22m [33m[plugin 
vite:reporter] 
At C:\Program Files\nodejs\npm.ps1:29 char:3
+   & $NODE_EXE $NPM_CLI_JS $args
+   ~~~~~~~~~~~~~~~~~~~~~~~~~~~~~
    + CategoryInfo          : NotSpecified: ([1m[33m[plugi...vite:reporter]  
   :String) [], RemoteException
    + FullyQualifiedErrorId : NativeCommandError
 
(!) C:/Users/cgill/Desktop/Thegrassrootshub/The Grassroots Scout 
(v4)/src/pages/MapsPage.tsx is dynamically imported by 
C:/Users/cgill/Desktop/Thegrassrootshub/The Grassroots Scout 
(v4)/src/utils/lazyLoading.ts but also statically imported by 
C:/Users/cgill/Desktop/Thegrassrootshub/The Grassroots Scout (v4)/src/App.tsx, 
dynamic import will not move module into another chunk.
[39m
computing gzip size...
[2mdist/[22m[32mindex.html                                      [39m[1m[2m  1.57 kB[22m[1m[22m[2m Ôöé gzip:   0.62 kB[22m
[2mdist/[22m[35massets/index-BKyT_1dd.css                       [39m[1m[2m 17.12 kB[22m[1m[22m[2m Ôöé gzip:   6.90 kB[22m
[2mdist/[22m[36massets/messaging-features-nyd-ceq2.js           [39m[1m[2m  0.11 kB[22m[1m[22m[2m Ôöé gzip:   0.10 kB[22m
[2mdist/[22m[36massets/RecommendationsPage-Mu6Iskhb.js          [39m[1m[2m  0.27 kB[22m[1m[22m[2m Ôöé gzip:   0.22 kB[22m
[2mdist/[22m[36massets/TeamRosterPage-CgJ_GuG5.js               [39m[1m[2m  0.95 kB[22m[1m[22m[2m Ôöé gzip:   0.50 kB[22m
[2mdist/[22m[36massets/SuccessStoriesPage-CM_pE7VY.js           [39m[1m[2m  5.48 kB[22m[1m[22m[2m Ôöé gzip:   2.06 kB[22m
[2mdist/[22m[36massets/TeamManagementPage-D3Su9a-h.js           [39m[1m[2m  5.76 kB[22m[1m[22m[2m Ôöé gzip:   1.94 kB[22m
[2mdist/[22m[36massets/maps-vendor-Dn52vw9p.js                  [39m[1m[2m  6.37 kB[22m[1m[22m[2m Ôöé gzip:   2.50 kB[22m
[2mdist/[22m[36massets/TrainingInvitations-eOiEwkCB.js          [39m[1m[2m  6.44 kB[22m[1m[22m[2m Ôöé gzip:   2.29 kB[22m
[2mdist/[22m[36massets/AlertPreferencesPage-CovgcpyA.js         [39m[1m[2m  6.48 kB[22m[1m[22m[2m Ôöé gzip:   2.11 kB[22m
[2mdist/[22m[36massets/MyFeedbackPage-DjLvOOiR.js               [39m[1m[2m  6.79 kB[22m[1m[22m[2m Ôöé gzip:   2.35 kB[22m
[2mdist/[22m[36massets/PerformanceAnalyticsPage-C22pUXAp.js     [39m[1m[2m  7.25 kB[22m[1m[22m[2m Ôöé gzip:   1.94 kB[22m
[2mdist/[22m[36massets/RealTimeAnalyticsDashboard-DIxhmio2.js   [39m[1m[2m  7.78 kB[22m[1m[22m[2m Ôöé gzip:   2.84 kB[22m
[2mdist/[22m[36massets/analytics-features-DaQTR4Zx.js           [39m[1m[2m  8.04 kB[22m[1m[22m[2m Ôöé gzip:   2.92 kB[22m
[2mdist/[22m[36massets/ChildrenManagementPage-CxXAQFQQ.js       [39m[1m[2m  8.50 kB[22m[1m[22m[2m Ôöé gzip:   2.62 kB[22m
[2mdist/[22m[36massets/AdvancedAnalyticsInsights-DdRTazT3.js    [39m[1m[2m 10.04 kB[22m[1m[22m[2m Ôöé gzip:   3.27 kB[22m
[2mdist/[22m[36massets/MessagesPage-CdczHTf5.js                 [39m[1m[2m 10.96 kB[22m[1m[22m[2m Ôöé gzip:   3.63 kB[22m
[2mdist/[22m[36massets/EnhancedSearchPage-D26UAk-E.js           [39m[1m[2m 11.14 kB[22m[1m[22m[2m Ôöé gzip:   3.41 kB[22m
[2mdist/[22m[36massets/ChildPlayerAvailabilityPage-DDDBqsey.js  [39m[1m[2m 11.26 kB[22m[1m[22m[2m Ôöé gzip:   3.51 kB[22m
[2mdist/[22m[36massets/AdminFeedbackDashboard-CESKOUrX.js       [39m[1m[2m 11.44 kB[22m[1m[22m[2m Ôöé gzip:   3.09 kB[22m
[2mdist/[22m[36massets/MatchCompletionsPage-B41PFx2G.js         [39m[1m[2m 11.44 kB[22m[1m[22m[2m Ôöé gzip:   3.46 kB[22m
[2mdist/[22m[36massets/ClubDashboardPage-cXBmDlTn.js            [39m[1m[2m 11.74 kB[22m[1m[22m[2m Ôöé gzip:   3.62 kB[22m
[2mdist/[22m[36massets/TeamProfilePage-BjgggmQi.js              [39m[1m[2m 14.26 kB[22m[1m[22m[2m Ôöé gzip:   3.34 kB[22m
[2mdist/[22m[36massets/team-features-CNFXnXsJ.js                [39m[1m[2m 17.07 kB[22m[1m[22m[2m Ôöé gzip:   4.81 kB[22m
[2mdist/[22m[36massets/AdminPage-B9jEGy5W.js                    [39m[1m[2m 19.97 kB[22m[1m[22m[2m Ôöé gzip:   5.41 kB[22m
[2mdist/[22m[36massets/maps-features-Df056u9e.js                [39m[1m[2m 40.54 kB[22m[1m[22m[2m Ôöé gzip:  12.09 kB[22m
[2mdist/[22m[36massets/admin-features-BTRBIST7.js               [39m[1m[2m 56.68 kB[22m[1m[22m[2m Ôöé gzip:  20.24 kB[22m
[2mdist/[22m[36massets/react-vendor-C2Hax3_z.js                 [39m[1m[2m161.82 kB[22m[1m[22m[2m Ôöé gzip:  52.56 kB[22m
[2mdist/[22m[36massets/charts-vendor-Yg1qj9-F.js                [39m[1m[2m186.18 kB[22m[1m[22m[2m Ôöé gzip:  63.72 kB[22m
[2mdist/[22m[36massets/index-D6ALgHY3.js                        [39m[1m[2m453.07 kB[22m[1m[22m[2m Ôöé gzip: 118.51 kB[22m
[2mdist/[22m[36massets/mui-vendor-BVoEvcxl.js                   [39m[1m[2m469.08 kB[22m[1m[22m[2m Ôöé gzip: 139.53 kB[22m
[32mÔ£ô built in 1m 48s[39m
